We're in a block!
Hello: 0
Hello: 1
Hello two!
Hello: 3
Hello: 4
